// Jest Snapshot v1, https://goo.gl/fbAQLP

exports[`ApprovalIcon should match snapshot 1`] = `
.c0 {
  bottom: -11px;
  position: absolute;
  left: 50%;
  z-index: 1;
  -webkit-transform: translate(-50%);
  -ms-transform: translate(-50%);
  transform: translate(-50%);
}

<div>
  <div
    alt="check-white-green-rounded"
    class="c0"
    type="check-white-green-rounded"
  >
    <img
      alt="check-white-green-rounded"
      src="check-white-green-rounded.svg"
    />
  </div>
  <div />
</div>
`;
